// Jest Snapshot v1, https://goo.gl/fbAQLP

exports[`PaginationButton should render component 1`] = `
<div>
  <button
    class="mfui-pagination-button mfui-pagination-button_theme_default"
    type="button"
  >
    Click me
  </button>
</div>
`;
