// Jest Snapshot v1, https://goo.gl/fbAQLP

exports[`<PriceBadge /> should render PriceBadge 1`] = `
<div>
  <div
    class="mfui-price-badge mfui-price-badge_theme_grey"
  >
    <div
      class="mfui-price-badge__icon-container"
    >
      <test-file-stub
        classname="mfui-price-badge__icon"
      />
    </div>
    <span
      class="mfui-price-badge__text"
    >
      text
    </span>
  </div>
</div>
`;
