// Jest Snapshot v1, https://goo.gl/fbAQLP

exports[`<CarouselArrow /> render tests should render component with all props 1`] = `
<div
  className="mfui-carousel-arrow some-class"
  onClick={[MockFunction]}
>
  <div
    className="mfui-carousel-arrow__arrow-icon"
  >
    <test-file-stub />
  </div>
</div>
`;
