// Jest Snapshot v1, https://goo.gl/fbAQLP

exports[`<PromoBadge /> should render PromoBadge 1`] = `
<div>
  <div
    class="mfui-promo-badge mfui-promo-badge_type_hit"
  >
    <span
      class="mfui-promo-badge__text"
    >
      text
    </span>
  </div>
</div>
`;
