// Jest Snapshot v1, https://goo.gl/fbAQLP

exports[`<Search /> snapshots renders Search with all props correctly 1`] = `
<div
  className="mfui-beta-search test"
>
  <div
    className="mfui-beta-search__control"
  >
    <input
      autoComplete="off"
      className="mfui-beta-search__search-field"
      onBlur={[Function]}
      onChange={[Function]}
      onClick={[Function]}
      onFocus={[Function]}
      onKeyDown={[Function]}
      placeholder="type to search here"
      type="text"
      value="initial value"
    />
    <div
      className="mfui-beta-search__icon-box"
      onClick={[Function]}
    >
      <test-file-stub
        className="mfui-beta-search__icon"
      />
    </div>
  </div>
  <div
    className="mfui-beta-search__list"
  >
    <div
      className="mfui-beta-search__list-inner"
    >
      <div
        className="mfui-beta-search__list-item"
        key="0"
        onMouseDown={[Function]}
        onMouseEnter={[Function]}
      >
        <div
          className="mfui-beta-search__item-title"
        >
          title
        </div>
      </div>
      <div
        className="mfui-beta-search__list-item"
        key="1"
        onMouseDown={[Function]}
        onMouseEnter={[Function]}
      >
        <div
          className="mfui-beta-search__item-title"
        >
          title2
        </div>
      </div>
      <div
        className="mfui-beta-search__list-item"
        key="2"
        onMouseDown={[Function]}
        onMouseEnter={[Function]}
      >
        <div
          className="mfui-beta-search__item-title"
        >
          title3
        </div>
      </div>
      <div
        className="mfui-beta-search__list-item"
        key="3"
        onMouseDown={[Function]}
        onMouseEnter={[Function]}
      >
        <div
          className="mfui-beta-search__item-title"
        >
          title4
        </div>
      </div>
    </div>
  </div>
</div>
`;

exports[`<Search /> snapshots renders Search without icon 1`] = `
<div
  className="mfui-beta-search test"
>
  <div
    className="mfui-beta-search__control"
  >
    <input
      autoComplete="off"
      className="mfui-beta-search__search-field"
      onBlur={[Function]}
      onChange={[Function]}
      onClick={[Function]}
      onFocus={[Function]}
      onKeyDown={[Function]}
      placeholder="type to search here"
      type="text"
      value="initial value"
    />
  </div>
  <div
    className="mfui-beta-search__list"
  >
    <div
      className="mfui-beta-search__list-inner"
    >
      <div
        className="mfui-beta-search__list-item"
        key="0"
        onMouseDown={[Function]}
        onMouseEnter={[Function]}
      >
        <div
          className="mfui-beta-search__item-title"
        >
          title
        </div>
      </div>
      <div
        className="mfui-beta-search__list-item"
        key="1"
        onMouseDown={[Function]}
        onMouseEnter={[Function]}
      >
        <div
          className="mfui-beta-search__item-title"
        >
          title2
        </div>
      </div>
      <div
        className="mfui-beta-search__list-item"
        key="2"
        onMouseDown={[Function]}
        onMouseEnter={[Function]}
      >
        <div
          className="mfui-beta-search__item-title"
        >
          title3
        </div>
      </div>
      <div
        className="mfui-beta-search__list-item"
        key="3"
        onMouseDown={[Function]}
        onMouseEnter={[Function]}
      >
        <div
          className="mfui-beta-search__item-title"
        >
          title4
        </div>
      </div>
    </div>
  </div>
</div>
`;

exports[`<Search /> snapshots renders Search without props correctly 1`] = `
<div
  className="mfui-beta-search"
>
  <div
    className="mfui-beta-search__control"
  >
    <input
      autoComplete="off"
      className="mfui-beta-search__search-field"
      onBlur={[Function]}
      onChange={[Function]}
      onClick={[Function]}
      onFocus={[Function]}
      onKeyDown={[Function]}
      type="text"
      value=""
    />
    <div
      className="mfui-beta-search__icon-box"
      onClick={[Function]}
    >
      <test-file-stub
        className="mfui-beta-search__icon"
      />
    </div>
  </div>
</div>
`;

exports[`<Search /> typing highlighted text 1`] = `
<div
  className="mfui-beta-search test"
>
  <div
    className="mfui-beta-search__control"
  >
    <input
      autoComplete="off"
      className="mfui-beta-search__search-field"
      onBlur={[Function]}
      onChange={[Function]}
      onClick={[Function]}
      onFocus={[Function]}
      onKeyDown={[Function]}
      placeholder="type to search here"
      type="text"
      value="title2"
    />
    <div
      className="mfui-beta-search__icon-box"
      onClick={[Function]}
    >
      <test-file-stub
        className="mfui-beta-search__icon"
      />
    </div>
  </div>
  <div
    className="mfui-beta-search__list"
  >
    <div
      className="mfui-beta-search__list-inner"
    >
      <div
        className="mfui-beta-search__list-item"
        key="0"
        onMouseDown={[Function]}
        onMouseEnter={[Function]}
      >
        <div
          className="mfui-beta-search__item-title"
        >
          title
        </div>
      </div>
      <div
        className="mfui-beta-search__list-item"
        key="1"
        onMouseDown={[Function]}
        onMouseEnter={[Function]}
      >
        <div
          className="mfui-beta-search__item-title"
        >
          <span
            className="mfui-beta-search__highlighted-fragment"
          >
            title2
          </span>
        </div>
      </div>
      <div
        className="mfui-beta-search__list-item"
        key="2"
        onMouseDown={[Function]}
        onMouseEnter={[Function]}
      >
        <div
          className="mfui-beta-search__item-title"
        >
          title3
        </div>
      </div>
      <div
        className="mfui-beta-search__list-item"
        key="3"
        onMouseDown={[Function]}
        onMouseEnter={[Function]}
      >
        <div
          className="mfui-beta-search__item-title"
        >
          title4
        </div>
      </div>
    </div>
  </div>
</div>
`;
