// Jest Snapshot v1, https://goo.gl/fbAQLP

exports[`<TimerBadge /> should render with require props 1`] = `
<div>
  <div
    class="mfui-timer-badge mfui-timer-badge_theme_grey"
  >
    <div
      class="mfui-timer-badge__icon-container"
    >
      <test-file-stub
        classname="mfui-timer-badge__icon"
      />
    </div>
    <div
      class="mfui-timer-badge__text"
    >
      <div
        class="mfui-timer"
      >
        <span>
          20 марта 2022
        </span>
      </div>
    </div>
  </div>
</div>
`;
