// Jest Snapshot v1, https://goo.gl/fbAQLP

exports[`<ProductTile /> snapshots should render ProductTile 1`] = `
<div
  className="mfui-product-tile mfui-product-tile_constructor"
>
  <ProductTileHint
    linkTarget="_self"
    title="sdfsdf"
  />
  <div
    className="mfui-product-tile__content"
  >
    <h2
      className="mfui-product-tile__title"
    >
      <TextLink
        className="mfui-product-tile__title-link"
        color="black"
        href="/tariffs/vklyuchaysya/smotri.html"
        onClick={[Function]}
        target="_self"
        underlineStyle="none"
        underlineVisibility="hover"
      >
        Включайся! Смотри
      </TextLink>
    </h2>
    <div
      className="mfui-product-tile__link-wrapper"
    >
      <TextLink
        className="mfui-product-tile__detail-link"
        color="blue"
        href="/tariffs/vklyuchaysya/smotri.html"
        onClick={[Function]}
        target="_self"
        underlineStyle="solid"
        underlineVisibility="hover"
      >
        Подробнее
      </TextLink>
    </div>
    <ProductTileCashback
      title="Кэшбэк"
      unit="%"
      value={20}
    />
    <ProductTilePrice
      discount="0"
      unitExtra="за 30 дней"
      unitValue="₽"
      value="1000"
    />
    <div
      className="mfui-product-tile__constructor"
    >
      <ProductTileDynamic
        currentPack={Object {}}
        onChangeCalls={[Function]}
        onChangeTraffic={[Function]}
        startCallsIndex={2}
        startTrafficIndex={1}
        switcher={
          Object {
            "calls": Array [
              "300",
              "600",
              "650",
              "750",
              "900",
            ],
            "traffic": Array [
              "6",
              "18",
              "28",
            ],
          }
        }
      />
      <ProductTileOptions
        options={
          Array [
            Object {
              "caption": "Привилегии обслуживания и другое",
              "svgIcon": <test-file-stub />,
              "title": "VIP-тариф",
            },
            Object {
              "caption": "Безлимитный трафик и пакеты кино, сериалов и ТВ-каналов на любой вкус",
              "svgIcon": <test-file-stub />,
              "title": "МегаФон ТВ",
            },
          ]
        }
      />
    </div>
    <ProductTileOptions
      head="sdfsdf"
      onClickBubble={[Function]}
      options={
        Array [
          Object {
            "footnote": "Участвуйте в программе и тратьте кэшбэк",
            "svgIcon": <test-file-stub />,
            "title": "Кэшбэк 20%",
            "unit": "",
            "value": "0",
          },
          Object {
            "footnote": "",
            "svgIcon": <test-file-stub />,
            "title": "Безлимитные SMS",
            "unit": "₽ за 30 дней",
            "value": "55",
          },
        ]
      }
    />
  </div>
  <ProductTileBuy
    buyButtonText="sdfsdf"
    buyLink="/zakaz/?tariff=look"
    buyLinkTarget="_self"
    connectButtonText="sdfsdf"
    connectLinkTarget="_self"
    onClickBuy={[Function]}
    onClickConnect={[Function]}
    showBuyButton={true}
    showConnectButton={true}
  />
</div>
`;

exports[`<ProductTile /> snapshots should render ProductTile with cookies 1`] = `
<div
  className="mfui-product-tile mfui-product-tile_constructor"
>
  <ProductTileHint
    linkTarget="_self"
    title="sdfsdf"
  />
  <div
    className="mfui-product-tile__content"
  >
    <h2
      className="mfui-product-tile__title"
    >
      <TextLink
        className="mfui-product-tile__title-link"
        color="black"
        href="/tariffs/vklyuchaysya/smotri.html"
        onClick={[Function]}
        target="_self"
        underlineStyle="none"
        underlineVisibility="hover"
      >
        Включайся! Смотри
      </TextLink>
    </h2>
    <div
      className="mfui-product-tile__link-wrapper"
    >
      <TextLink
        className="mfui-product-tile__detail-link"
        color="blue"
        href="/tariffs/vklyuchaysya/smotri.html"
        onClick={[Function]}
        target="_self"
        underlineStyle="solid"
        underlineVisibility="hover"
      >
        Подробнее
      </TextLink>
    </div>
    <ProductTileCashback
      title="Кэшбэк"
      unit="%"
      value={20}
    />
    <ProductTilePrice
      discount="0"
      unitExtra="за 30 дней"
      unitValue="₽"
      value="770"
    />
    <div
      className="mfui-product-tile__constructor"
    >
      <ProductTileDynamic
        currentPack={
          Object {
            "buyLink": "&options=null",
            "calls": Object {
              "unit": "минут",
              "value": 900,
            },
            "options": Array [
              Object {
                "footnote": "",
                "svgIcon": <test-file-stub />,
                "title": "Безлимитные SMS",
                "unit": "₽ за 30 дней",
                "value": "55",
              },
              Object {
                "footnote": "Участвуки в салонах и интернет-магазине МегаФона",
                "svgIcon": <test-file-stub />,
                "title": "Кэшбэк 20%",
                "unit": "",
                "value": "0",
              },
            ],
            "payment": Object {
              "discount": "",
              "value": "770",
            },
            "traffic": Object {
              "unit": "ГБ",
              "value": 28,
            },
          }
        }
        onChangeCalls={[Function]}
        onChangeTraffic={[Function]}
        startCallsIndex={4}
        startTrafficIndex={2}
        switcher={
          Object {
            "calls": Array [
              "300",
              "600",
              "650",
              "750",
              "900",
            ],
            "traffic": Array [
              "6",
              "18",
              "28",
            ],
          }
        }
      />
      <ProductTileOptions
        options={
          Array [
            Object {
              "caption": "Привилегии обслуживания и другое",
              "svgIcon": <test-file-stub />,
              "title": "VIP-тариф",
            },
            Object {
              "caption": "Безлимитный трафик и пакеты кино, сериалов и ТВ-каналов на любой вкус",
              "svgIcon": <test-file-stub />,
              "title": "МегаФон ТВ",
            },
          ]
        }
      />
    </div>
    <ProductTileOptions
      head="sdfsdf"
      onClickBubble={[Function]}
      options={
        Array [
          Object {
            "footnote": "",
            "svgIcon": <test-file-stub />,
            "title": "Безлимитные SMS",
            "unit": "₽ за 30 дней",
            "value": "55",
          },
          Object {
            "footnote": "Участвуки в салонах и интернет-магазине МегаФона",
            "svgIcon": <test-file-stub />,
            "title": "Кэшбэк 20%",
            "unit": "",
            "value": "0",
          },
        ]
      }
    />
  </div>
  <ProductTileBuy
    buyButtonText="sdfsdf"
    buyLink="&options=null"
    buyLinkTarget="_self"
    connectButtonText="sdfsdf"
    connectLinkTarget="_self"
    onClickBuy={[Function]}
    onClickConnect={[Function]}
    showBuyButton={true}
    showConnectButton={true}
  />
</div>
`;
