// Jest Snapshot v1, https://goo.gl/fbAQLP

exports[`<ProductTileOptions /> it renders ProductTileOptions 1`] = `
<div
  className="mfui-product-tile-options"
>
  <div
    className="mfui-product-tile-options__head"
  >
    sdfsdfsdf
  </div>
  <div
    className="mfui-product-tile-options__wrapper"
  >
    <div
      className="mfui-product-tile-options__option"
      key="title0"
    >
      <div
        className="mfui-product-tile-options__icon"
      >
        <test-file-stub />
      </div>
      <div
        className="mfui-product-tile-options__content"
      >
        <div
          className="mfui-product-tile-options__title"
          dangerouslySetInnerHTML={
            Object {
              "__html": "title",
            }
          }
        />
        <BubbleHint
          className="mfui-product-tile-options__cashback-c"
          click={true}
          placement="bottom"
          popupAlign="left"
          popupPadding="normal"
          popupWidth="small"
          trigger={
            <span
              className="mfui-product-tile-options__bubble-trigger"
            >
              Подробнее
            </span>
          }
        >
          <div
            className="mfui-product-tile-options__hint-text"
            dangerouslySetInnerHTML={
              Object {
                "__html": "footnote",
              }
            }
          />
        </BubbleHint>
      </div>
    </div>
  </div>
</div>
`;
