// Jest Snapshot v1, https://goo.gl/fbAQLP

exports[`<Timer /> should render with Timer 1`] = `
<div>
  <div
    class="mfui-timer"
  >
    <span>
      25 апреля 2022
    </span>
  </div>
</div>
`;
