// Jest Snapshot v1, https://goo.gl/fbAQLP

exports[`<Checkbox /> should render Checkbox 1`] = `
<div>
  <div
    class="mfui-checkbox mfui-checkbox_font-size_regular mfui-checkbox_color_dark"
  >
    <div
      class="mfui-checkbox__inner"
    >
      <label
        class="mfui-checkbox__label mfui-checkbox__label_no-touch"
      >
        <input
          class="mfui-checkbox__input"
          tabindex="-1"
          type="checkbox"
          value=""
        />
        <div
          aria-checked="false"
          class="mfui-checkbox__custom-input"
          role="checkbox"
          tabindex="0"
        >
          <test-file-stub
            classname="mfui-checkbox__icon"
          />
        </div>
        Тестовая строка
      </label>
      <span
        class="mfui-checkbox__extra-content"
      >
        Extra content
      </span>
    </div>
  </div>
</div>
`;
